// Jest Snapshot v1, https://goo.gl/fbAQLP

exports[`Testing  LoginComponent component renders as expected 1`] = `ReactWrapper {}`;

exports[`Testing  LoginComponent component renders snapshot as expected 1`] = `
<View
  style={
    Object {
      "backgroundColor": "#FFFFFF",
      "flex": 1,
    }
  }
>
  <View
    accessibilityIgnoresInvertColors={true}
    style={
      Object {
        "height": "100%",
        "width": "100%",
      }
    }
  >
    <Image
      source={
        Object {
          "testUri": "../../../src/themes/images/splash.png",
        }
      }
      style={
        Array [
          Object {
            "bottom": 0,
            "left": 0,
            "position": "absolute",
            "right": 0,
            "top": 0,
          },
          Object {
            "height": "100%",
            "width": "100%",
          },
          undefined,
        ]
      }
    />
    <View
      style={
        Object {
          "alignItems": "center",
          "justifyContent": "flex-end",
          "marginTop": 163,
          "width": "100%",
        }
      }
    >
      <Image
        source={
          Object {
            "testUri": "../../../src/themes/images/logo.png",
          }
        }
      />
    </View>
    <View
      style={
        Object {
          "alignItems": "center",
          "bottom": 20,
          "flex": 1,
          "justifyContent": "flex-end",
        }
      }
    >
      <View
        accessible={true}
        focusable={true}
        isTVSelectable={true}
        onClick={[Function]}
        onResponderGrant={[Function]}
        onResponderMove={[Function]}
        onResponderRelease={[Function]}
        onResponderTerminate={[Function]}
        onResponderTerminationRequest={[Function]}
        onStartShouldSetResponder={[Function]}
        style={
          Object {
            "alignItems": "center",
            "alignSelf": "flex-start",
            "backgroundColor": "#1496bb",
            "flex": 1,
            "justifyContent": "center",
            "maxHeight": 50,
            "minHeight": 50,
            "opacity": 1,
            "paddingLeft": 15,
            "paddingRight": 15,
          }
        }
      >
        <Text
          numberOfLines={1}
          style={
            Object {
              "color": "#FFFFFF",
              "fontSize": 14,
              "fontWeight": "bold",
            }
          }
        >
          VIEW COMPONENTS
        </Text>
      </View>
      <View
        style={
          Object {
            "marginTop": 10,
          }
        }
      />
      <View
        style={
          Object {
            "alignItems": "center",
            "height": 50,
            "justifyContent": "center",
            "width": "100%",
          }
        }
      >
        <View
          accessible={true}
          focusable={true}
          isTVSelectable={true}
          onClick={[Function]}
          onResponderGrant={[Function]}
          onResponderMove={[Function]}
          onResponderRelease={[Function]}
          onResponderTerminate={[Function]}
          onResponderTerminationRequest={[Function]}
          onStartShouldSetResponder={[Function]}
          style={
            Object {
              "alignItems": "center",
              "alignSelf": "flex-start",
              "backgroundColor": "#1496bb",
              "flex": 1,
              "justifyContent": "center",
              "maxHeight": 50,
              "minHeight": 50,
              "opacity": 1,
              "paddingLeft": 15,
              "paddingRight": 15,
            }
          }
        >
          <Text
            numberOfLines={1}
            style={
              Object {
                "color": "#FFFFFF",
                "fontSize": 14,
                "fontWeight": "bold",
              }
            }
          >
            LOGIN
          </Text>
        </View>
      </View>
    </View>
  </View>
</View>
`;
