// Jest Snapshot v1, https://goo.gl/fbAQLP

exports[`Testing  ListComponent component renders as expected 1`] = `ReactWrapper {}`;

exports[`Testing  ListComponent component renders snapshot as expected 1`] = `
<View
  style={
    Object {
      "backgroundColor": "#FFFFFF",
      "flex": 1,
    }
  }
>
  <View
    accessibilityRole="button"
    accessibilityStates={Array []}
    accessible={true}
    focusable={true}
    isTVSelectable={true}
    onClick={[Function]}
    onResponderGrant={[Function]}
    onResponderMove={[Function]}
    onResponderRelease={[Function]}
    onResponderTerminate={[Function]}
    onResponderTerminationRequest={[Function]}
    onStartShouldSetResponder={[Function]}
    style={
      Object {
        "opacity": 1,
      }
    }
  >
    <View
      style={
        Array [
          Object {},
        ]
      }
    >
      <Text
        style={
          Array [
            Object {
              "color": "#007AFF",
              "fontSize": 18,
              "padding": 8,
              "textAlign": "center",
            },
          ]
        }
      >
        Back
      </Text>
    </View>
  </View>
  <RCTScrollView>
    <View>
      <View>
        <View
          accessible={true}
          focusable={true}
          isTVSelectable={true}
          onClick={[Function]}
          onResponderGrant={[Function]}
          onResponderMove={[Function]}
          onResponderRelease={[Function]}
          onResponderTerminate={[Function]}
          onResponderTerminationRequest={[Function]}
          onStartShouldSetResponder={[Function]}
          style={
            Object {
              "backgroundColor": "white",
              "borderBottomColor": "rgba(0,0,0,0.6)",
              "borderBottomWidth": 0.5,
              "height": 50,
              "justifyContent": "center",
              "opacity": 1,
              "paddingLeft": 10,
              "paddingRight": 10,
            }
          }
        >
          <View
            style={
              Object {
                "alignItems": "center",
                "flex": 1,
                "flexDirection": "row",
                "justifyContent": "space-between",
              }
            }
          >
            <Text
              style={
                Object {
                  "color": "#39b1ff",
                  "fontSize": 18,
                  "fontWeight": "600",
                }
              }
            >
              Button
            </Text>
            <View
              style={
                Array [
                  Object {
                    "backgroundColor": "transparent",
                    "borderBottomColor": "gray",
                    "borderLeftColor": "transparent",
                    "borderLeftWidth": 10,
                    "borderRightColor": "transparent",
                    "borderRightWidth": 10,
                    "borderTopColor": "gray",
                    "height": 0,
                    "width": 0,
                  },
                  Object {
                    "borderTopWidth": 15,
                  },
                ]
              }
            />
          </View>
        </View>
      </View>
      <View>
        <View
          accessible={true}
          focusable={true}
          isTVSelectable={true}
          onClick={[Function]}
          onResponderGrant={[Function]}
          onResponderMove={[Function]}
          onResponderRelease={[Function]}
          onResponderTerminate={[Function]}
          onResponderTerminationRequest={[Function]}
          onStartShouldSetResponder={[Function]}
          style={
            Object {
              "backgroundColor": "white",
              "borderBottomColor": "rgba(0,0,0,0.6)",
              "borderBottomWidth": 0.5,
              "height": 50,
              "justifyContent": "center",
              "opacity": 1,
              "paddingLeft": 10,
              "paddingRight": 10,
            }
          }
        >
          <View
            style={
              Object {
                "alignItems": "center",
                "flex": 1,
                "flexDirection": "row",
                "justifyContent": "space-between",
              }
            }
          >
            <Text
              style={
                Object {
                  "color": "#39b1ff",
                  "fontSize": 18,
                  "fontWeight": "600",
                }
              }
            >
              Avatar
            </Text>
            <View
              style={
                Array [
                  Object {
                    "backgroundColor": "transparent",
                    "borderBottomColor": "gray",
                    "borderLeftColor": "transparent",
                    "borderLeftWidth": 10,
                    "borderRightColor": "transparent",
                    "borderRightWidth": 10,
                    "borderTopColor": "gray",
                    "height": 0,
                    "width": 0,
                  },
                  Object {
                    "borderTopWidth": 15,
                  },
                ]
              }
            />
          </View>
        </View>
      </View>
      <View>
        <View
          accessible={true}
          focusable={true}
          isTVSelectable={true}
          onClick={[Function]}
          onResponderGrant={[Function]}
          onResponderMove={[Function]}
          onResponderRelease={[Function]}
          onResponderTerminate={[Function]}
          onResponderTerminationRequest={[Function]}
          onStartShouldSetResponder={[Function]}
          style={
            Object {
              "backgroundColor": "white",
              "borderBottomColor": "rgba(0,0,0,0.6)",
              "borderBottomWidth": 0.5,
              "height": 50,
              "justifyContent": "center",
              "opacity": 1,
              "paddingLeft": 10,
              "paddingRight": 10,
            }
          }
        >
          <View
            style={
              Object {
                "alignItems": "center",
                "flex": 1,
                "flexDirection": "row",
                "justifyContent": "space-between",
              }
            }
          >
            <Text
              style={
                Object {
                  "color": "#39b1ff",
                  "fontSize": 18,
                  "fontWeight": "600",
                }
              }
            >
              GroupButton
            </Text>
            <View
              style={
                Array [
                  Object {
                    "backgroundColor": "transparent",
                    "borderBottomColor": "gray",
                    "borderLeftColor": "transparent",
                    "borderLeftWidth": 10,
                    "borderRightColor": "transparent",
                    "borderRightWidth": 10,
                    "borderTopColor": "gray",
                    "height": 0,
                    "width": 0,
                  },
                  Object {
                    "borderTopWidth": 15,
                  },
                ]
              }
            />
          </View>
        </View>
      </View>
    </View>
  </RCTScrollView>
</View>
`;
