// Jest Snapshot v1, https://goo.gl/fbAQLP

exports[`Testing  SettingsComponent component renders as expected 1`] = `ReactWrapper {}`;

exports[`Testing  SettingsComponent component renders snapshot as expected 1`] = `
<View
  style={
    Array [
      Object {
        "backgroundColor": "#FFFFFF",
        "flex": 1,
      },
    ]
  }
>
  <Text
    style={
      Object {
        "color": "#333333",
      }
    }
  >
    Settings
  </Text>
  <Text
    style={
      Object {
        "color": "#333333",
      }
    }
  >
    Change theme
  </Text>
  <View
    style={
      Object {
        "alignItems": "center",
        "flexDirection": "row",
      }
    }
  >
    <Text
      style={
        Object {
          "color": "#333333",
        }
      }
    >
      Light mode
    </Text>
    <RCTSwitch
      accessibilityRole="button"
      onChange={[Function]}
      onResponderTerminationRequest={[Function]}
      onStartShouldSetResponder={[Function]}
      style={
        Object {
          "height": 31,
          "width": 51,
        }
      }
      value={false}
    />
    <Text
      style={
        Object {
          "color": "#333333",
        }
      }
    >
      dark mode
    </Text>
  </View>
  <Text
    style={
      Object {
        "color": "#333333",
      }
    }
  >
    Change language
  </Text>
  <View
    style={
      Object {
        "alignItems": "center",
        "flexDirection": "row",
      }
    }
  >
    <Text
      style={
        Object {
          "color": "#333333",
        }
      }
    >
      EN
    </Text>
    <RCTSwitch
      accessibilityRole="button"
      onChange={[Function]}
      onResponderTerminationRequest={[Function]}
      onStartShouldSetResponder={[Function]}
      style={
        Object {
          "height": 31,
          "width": 51,
        }
      }
      value={true}
    />
    <Text
      style={
        Object {
          "color": "#333333",
        }
      }
    >
      VI
    </Text>
  </View>
  <View
    accessibilityRole="button"
    accessibilityStates={Array []}
    accessible={true}
    focusable={true}
    isTVSelectable={true}
    onClick={[Function]}
    onResponderGrant={[Function]}
    onResponderMove={[Function]}
    onResponderRelease={[Function]}
    onResponderTerminate={[Function]}
    onResponderTerminationRequest={[Function]}
    onStartShouldSetResponder={[Function]}
    style={
      Object {
        "opacity": 1,
      }
    }
  >
    <View
      style={
        Array [
          Object {},
        ]
      }
    >
      <Text
        style={
          Array [
            Object {
              "color": "#007AFF",
              "fontSize": 18,
              "padding": 8,
              "textAlign": "center",
            },
          ]
        }
      >
        Logout
      </Text>
    </View>
  </View>
</View>
`;
