// Jest Snapshot v1, https://goo.gl/fbAQLP

exports[`Testing  Button component renders as expected 1`] = `ShallowWrapper {}`;

exports[`Testing  Button component renders snapshot as expected 1`] = `
<View
  accessible={true}
  focusable={true}
  isTVSelectable={true}
  onClick={[Function]}
  onResponderGrant={[Function]}
  onResponderMove={[Function]}
  onResponderRelease={[Function]}
  onResponderTerminate={[Function]}
  onResponderTerminationRequest={[Function]}
  onStartShouldSetResponder={[Function]}
  style={
    Object {
      "alignItems": "center",
      "alignSelf": "flex-start",
      "backgroundColor": "#1496bb",
      "flex": 1,
      "justifyContent": "center",
      "maxHeight": 50,
      "minHeight": 50,
      "opacity": 1,
      "paddingLeft": 15,
      "paddingRight": 15,
    }
  }
>
  <Text
    numberOfLines={1}
    style={
      Object {
        "color": "#FFFFFF",
        "fontSize": 14,
        "fontWeight": "bold",
      }
    }
  >
    EX: BUTTON
  </Text>
</View>
`;
