// Jest Snapshot v1, https://goo.gl/fbAQLP

exports[`Testing  SplashComponent component renders as expected 1`] = `ReactWrapper {}`;

exports[`Testing  SplashComponent component renders snapshot as expected 1`] = `
<View
  style={
    Object {
      "backgroundColor": "#ffffff",
      "flex": 1,
    }
  }
>
  <View
    accessibilityIgnoresInvertColors={true}
    style={
      Object {
        "height": "100%",
        "width": "100%",
      }
    }
  >
    <Image
      source={
        Object {
          "testUri": "../../../src/themes/images/splash.png",
        }
      }
      style={
        Array [
          Object {
            "bottom": 0,
            "left": 0,
            "position": "absolute",
            "right": 0,
            "top": 0,
          },
          Object {
            "height": "100%",
            "width": "100%",
          },
          undefined,
        ]
      }
    />
  </View>
</View>
`;
